// Jest Snapshot v1, https://goo.gl/fbAQLP

exports[`WebIDE runs 1`] = `
<div>
  <article
    class="ide position-relative d-flex flex-column align-items-stretch"
  >
    <div
      class="ide-view flex-grow d-flex"
    >
      <div
        class="gl-relative multi-file-commit-panel flex-column"
        style="width: 340px;"
      >
        <div
          class="multi-file-commit-panel-inner"
          data-testid="ide-side-bar-inner"
        >
          <div
            class="multi-file-loading-container"
          >
            <div
              class="animation-container"
            >
              <div
                class="skeleton-line-1"
              />
              <div
                class="skeleton-line-2"
              />
              <div
                class="skeleton-line-3"
              />
            </div>
          </div>
          <div
            class="multi-file-loading-container"
          >
            <div
              class="animation-container"
            >
              <div
                class="skeleton-line-1"
              />
              <div
                class="skeleton-line-2"
              />
              <div
                class="skeleton-line-3"
              />
            </div>
          </div>
          <div
            class="multi-file-loading-container"
          >
            <div
              class="animation-container"
            >
              <div
                class="skeleton-line-1"
              />
              <div
                class="skeleton-line-2"
              />
              <div
                class="skeleton-line-3"
              />
            </div>
          </div>
        </div>
        <div
          class="position-absolute position-top-0 position-bottom-0 drag-handle position-right-0"
          size="340"
          style="cursor: ew-resize;"
        />
      </div>
      <div
        class="multi-file-edit-pane"
      >
        <div
          class="ide-empty-state"
        >
          <div
            class="row js-empty-state"
          >
            <div
              class="col-12"
            >
              <div
                class="svg-content svg-250"
              >
                <img
                  src="/test/empty_state.svg"
                />
              </div>
            </div>
            <div
              class="col-12"
            >
              <div
                class="text-content text-center"
              >
                <h4>
                  Make and review changes in the browser with the Web IDE
                </h4>
              </div>
            </div>
          </div>
        </div>
      </div>
    </div>
  </article>
</div>
`;
