// Jest Snapshot v1, https://goo.gl/fbAQLP

exports[`ProfilePreferences component should render ProfilePreferences properly 1`] = `
<div
  class="row gl-mt-3 js-preferences-form"
>
  <div
    class="col-sm-12"
  >
    <hr />
  </div>
   
  <div
    class="col-lg-4 profile-settings-sidebar"
  >
    <h4
      class="gl-mt-0"
    >
      
      Behavior
    
    </h4>
     
    <p>
      
      This setting allows you to customize the behavior of the system layout and default views.
      
      <a
        href="/help/user/profile/preferences#behavior"
        target="_blank"
      >
        
        Learn more 
      </a>
      .
    
    </p>
  </div>
   
  <div
    class="col-lg-8"
  >
    <div
      class="form-group"
    >
      <label
        class="label-bold"
        for="user_layout"
      >
        
        Layout width
      
      </label>
       
      <div
        class="select-wrapper"
      >
        <select
          class="form-control select-control"
          id="user_layout"
          name="user[layout]"
          tabindex="-1"
          title="Layout width"
        />
         
        <i
          aria-hidden="true"
          class="fa fa-chevron-down"
        />
      </div>
       
      <div
        class="form-text text-muted"
      >
        
        Choose between fixed (max. 1280px) and fluid (100%) application layout.
      
      </div>
    </div>
     
    <div
      class="form-group"
    >
      <label
        class="label-bold"
        for="user_dashboard"
      >
        
        Homepage content
      
      </label>
       
      <div
        class="select-wrapper"
      >
        <select
          class="form-control select-control"
          id="user_dashboard"
          name="user[dashboard]"
          tabindex="-1"
          title="Homepage content"
        />
         
        <i
          aria-hidden="true"
          class="fa fa-chevron-down"
        />
      </div>
       
      <div
        class="form-text text-muted"
      >
        
        Choose what content you want to see on your homepage.
      
      </div>
    </div>
     
    <div
      class="form-group"
    >
      <label
        class="label-bold"
        data-testid="profile-preferences-group-overview-heading"
        for="user_group_view"
      >
        
    Group overview content
  
      </label>
       
      <div
        class="select-wrapper"
      >
        <select
          class="form-control select-control"
          name="user[group_view]"
          tabindex="-1"
          title="Group overview content"
        >
          <option
            data-testid="profile-preferences-group-overview-option"
            value="details"
          >
            
        Details
      
          </option>
          <option
            data-testid="profile-preferences-group-overview-option"
            value="security"
          >
            
        Security Dashboard
      
          </option>
        </select>
         
        <i
          aria-hidden="true"
          class="fa fa-chevron-down"
        />
      </div>
       
      <div
        class="form-text text-muted"
      >
        
    Choose what content you want to see on a group’s overview page.
  
      </div>
    </div>
     
    <div
      class="form-group"
    >
      <label
        class="label-bold"
        for="user_project_view"
      >
        
        Project overview content
      
      </label>
       
      <div
        class="select-wrapper"
      >
        <select
          class="form-control select-control"
          id="user_project_view"
          name="user[project_view]"
          tabindex="-1"
          title="Project overview content"
        />
         
        <i
          aria-hidden="true"
          class="fa fa-chevron-down"
        />
      </div>
       
      <div
        class="form-text text-muted"
      >
        
        Choose what content you want to see on a project’s overview page.
      
      </div>
    </div>
     
    <div
      class="form-group form-check"
    >
      <input
        name="user[render_whitespace_in_code]"
        type="hidden"
        value="0"
      />
       
      <input
        class="form-check-input"
        id="user_render_whitespace_in_code"
        name="user[render_whitespace_in_code]"
        type="checkbox"
        value="1"
      />
       
      <label
        class="form-check-label"
        for="user_render_whitespace_in_code"
      >
        
        Render whitespace characters in the Web IDE
      
      </label>
    </div>
     
    <div
      class="form-group form-check"
    >
      <input
        name="user[show_whitespace_in_diffs]"
        type="hidden"
        value="0"
      />
       
      <input
        class="form-check-input"
        id="user_show_whitespace_in_diffs"
        name="user[show_whitespace_in_diffs]"
        type="checkbox"
        value="1"
      />
       
      <label
        class="form-check-label"
        for="user_show_whitespace_in_diffs"
      >
        
        Show whitespace changes in diffs
      
      </label>
    </div>
     
    <!---->
     
    <div
      class="form-group"
    >
      <label
        class="label-bold"
        for="user_tab_width"
      >
        
        Tab width
      
      </label>
       
      <input
        class="form-control"
        id="user_tab_width"
        max="12"
        min="1"
        name="user[tab_width]"
        required="required"
        type="number"
      />
       
      <div
        class="form-text text-muted"
      >
        
        Must be a number between 1 and 12
      
      </div>
    </div>
  </div>
   
  <div
    class="col-sm-12"
  >
    <hr />
  </div>
   
  <div
    class="col-lg-4 profile-settings-sidebar"
  >
    <h4
      class="gl-mt-0"
    >
      
      Localization
    
    </h4>
     
    <p>
      
      Customize language and region related settings.
      
      <a
        href="/help/user/profile/preferences#localization"
        target="_blank"
      >
        
        Learn more 
      </a>
      .
    
    </p>
  </div>
   
  <div
    class="col-lg-8"
  >
    <div
      class="form-group"
    >
      <label
        class="label-bold"
        for="user_preferred_language"
      >
        
        Language
      
      </label>
       
      <div
        class="select-wrapper"
      >
        <select
          class="form-control select-control"
          id="user_preferred_language"
          name="user[preferred_language]"
          tabindex="-1"
          title="Language"
        />
         
        <i
          aria-hidden="true"
          class="fa fa-chevron-down"
        />
      </div>
       
      <div
        class="form-text text-muted"
      >
        
        This feature is experimental and translations are not complete yet
      
      </div>
    </div>
     
    <div
      class="form-group"
    >
      <label
        class="label-bold"
        for="user_first_day_of_week"
      >
        
        First day of the week
      
      </label>
       
      <div
        class="select-wrapper"
      >
        <select
          class="form-control select-control"
          id="user_first_day_of_week"
          name="user[first_day_of_week]"
          tabindex="-1"
          title="First day of the week"
        />
         
        <i
          aria-hidden="true"
          class="fa fa-chevron-down"
        />
      </div>
    </div>
  </div>
   
  <!---->
   
  <!---->
   
  <!---->
   
  <!---->
   
  <!---->
   
  <!---->
</div>
`;
