// Jest Snapshot v1, https://goo.gl/fbAQLP

exports[`vue_shared/components/awards_list default matches snapshot 1`] = `
<div
  class="awards js-awards-block"
>
  <button
    class="btn gl-mr-3 btn-default btn-md gl-button"
    data-testid="award-button"
    title="Ada, Leonardo, and Marie"
    type="button"
  >
    <!---->
     
    <!---->
     
    <span
      class="award-emoji-block"
      data-testid="award-html"
    >
      
    
      <gl-emoji
        data-name="thumbsup"
      />
      
  
    </span>
     
    <span
      class="gl-button-text"
    >
       
      <span
        class="js-counter"
      >
        3
      </span>
    </span>
  </button>
  <button
    class="btn gl-mr-3 btn-default btn-md gl-button selected"
    data-testid="award-button"
    title="You, Ada, and Marie"
    type="button"
  >
    <!---->
     
    <!---->
     
    <span
      class="award-emoji-block"
      data-testid="award-html"
    >
      
    
      <gl-emoji
        data-name="thumbsdown"
      />
      
  
    </span>
     
    <span
      class="gl-button-text"
    >
       
      <span
        class="js-counter"
      >
        3
      </span>
    </span>
  </button>
  <button
    class="btn gl-mr-3 btn-default btn-md gl-button"
    data-testid="award-button"
    title="Ada and Jane"
    type="button"
  >
    <!---->
     
    <!---->
     
    <span
      class="award-emoji-block"
      data-testid="award-html"
    >
      
    
      <gl-emoji
        data-name="smile"
      />
      
  
    </span>
     
    <span
      class="gl-button-text"
    >
       
      <span
        class="js-counter"
      >
        2
      </span>
    </span>
  </button>
  <button
    class="btn gl-mr-3 btn-default btn-md gl-button selected"
    data-testid="award-button"
    title="You, Ada, Jane, and Leonardo"
    type="button"
  >
    <!---->
     
    <!---->
     
    <span
      class="award-emoji-block"
      data-testid="award-html"
    >
      
    
      <gl-emoji
        data-name="ok_hand"
      />
      
  
    </span>
     
    <span
      class="gl-button-text"
    >
       
      <span
        class="js-counter"
      >
        4
      </span>
    </span>
  </button>
  <button
    class="btn gl-mr-3 btn-default btn-md gl-button selected"
    data-testid="award-button"
    title="You"
    type="button"
  >
    <!---->
     
    <!---->
     
    <span
      class="award-emoji-block"
      data-testid="award-html"
    >
      
    
      <gl-emoji
        data-name="cactus"
      />
      
  
    </span>
     
    <span
      class="gl-button-text"
    >
       
      <span
        class="js-counter"
      >
        1
      </span>
    </span>
  </button>
  <button
    class="btn gl-mr-3 btn-default btn-md gl-button"
    data-testid="award-button"
    title="Marie"
    type="button"
  >
    <!---->
     
    <!---->
     
    <span
      class="award-emoji-block"
      data-testid="award-html"
    >
      
    
      <gl-emoji
        data-name="a"
      />
      
  
    </span>
     
    <span
      class="gl-button-text"
    >
       
      <span
        class="js-counter"
      >
        1
      </span>
    </span>
  </button>
  <button
    class="btn gl-mr-3 btn-default btn-md gl-button selected"
    data-testid="award-button"
    title="You"
    type="button"
  >
    <!---->
     
    <!---->
     
    <span
      class="award-emoji-block"
      data-testid="award-html"
    >
      
    
      <gl-emoji
        data-name="b"
      />
      
  
    </span>
     
    <span
      class="gl-button-text"
    >
       
      <span
        class="js-counter"
      >
        1
      </span>
    </span>
  </button>
   
  <div
    class="award-menu-holder"
  >
    <button
      aria-label="Add reaction"
      class="btn add-reaction-button js-add-award btn-default btn-md gl-button js-test-add-button-class"
      title="Add reaction"
      type="button"
    >
      <!---->
       
      <!---->
        
      <span
        class="gl-button-text"
      >
        <span
          class="reaction-control-icon reaction-control-icon-neutral"
        >
          <svg
            aria-hidden="true"
            class="gl-icon s16"
            data-testid="slight-smile-icon"
          >
            <use
              href="#slight-smile"
            />
          </svg>
        </span>
         
        <span
          class="reaction-control-icon reaction-control-icon-positive"
        >
          <svg
            aria-hidden="true"
            class="gl-icon s16"
            data-testid="smiley-icon"
          >
            <use
              href="#smiley"
            />
          </svg>
        </span>
         
        <span
          class="reaction-control-icon reaction-control-icon-super-positive"
        >
          <svg
            aria-hidden="true"
            class="gl-icon s16"
            data-testid="smile-icon"
          >
            <use
              href="#smile"
            />
          </svg>
        </span>
      </span>
    </button>
  </div>
</div>
`;
