// Jest Snapshot v1, https://goo.gl/fbAQLP

exports[`Editor Lite component rendering matches the snapshot 1`] = `
<div
  data-editor-loading=""
  id="editor-lite-snippet_777"
>
  <pre
    class="editor-loading-content"
  >
    Lorem ipsum dolor sit amet, consectetur adipiscing elit.
  </pre>
</div>
`;
