// Jest Snapshot v1, https://goo.gl/fbAQLP

exports[`DurationChart renders the duration chart 1`] = `
<div
  class="gl-display-flex gl-flex-direction-column"
  data-testid="vsa-duration-chart"
>
  <h4
    class="gl-mt-0"
  >
    Days to completion
  </h4>
   
  <p>
    
    The total time spent in the selected stage for the items that were completed on each date. Data limited to the last 500 items.
  
  </p>
   
  <stagedropdownfilter-stub
    class="gl-ml-auto"
    label="stage dropdown"
    stages="[object Object],[object Object],[object Object]"
  />
   
  <scatterplot-stub
    medianlinedata=""
    scatterdata="2019-01-01,29,2019-01-01,2019-01-02,100,2019-01-02"
    tooltipdateformat="mmm d, yyyy"
    xaxistitle="Date"
    yaxistitle="Total days to completion"
  />
</div>
`;
