// Jest Snapshot v1, https://goo.gl/fbAQLP

exports[`Vulnerability Report error states has unavailable pages 1`] = `
<div>
  <section
    class="row empty-state text-center"
  >
    <div
      class="col-12"
    >
      <div
        class="svg-250 svg-content"
      >
        <img
          alt="Oops, something doesn't seem right."
          class="gl-max-w-full"
          src="/test/empty_state.svg"
        />
      </div>
    </div>
    <div
      class="col-12"
    >
      <div
        class="text-content gl-mx-auto gl-my-0 gl-p-5"
      >
        <h1
          class="h4"
        >
          Oops, something doesn't seem right.
        </h1>
        <p>
          Either you don't have permission to view this dashboard or the dashboard has not been setup. Please check your permission settings with your administrator or check your dashboard configurations to proceed.
        </p>
        <div>
          <a
            class="btn btn-success btn-md gl-button"
            href="/test/dashboard_page"
          >
            <span
              class="gl-button-text"
            >
              Learn more about setting up your dashboard
            </span>
          </a>
        </div>
      </div>
    </div>
  </section>
</div>
`;
