// Jest Snapshot v1, https://goo.gl/fbAQLP

exports[`NodeDetailsSectionMain template node url section renders section correctly 1`] = `
<div
  class="d-flex flex-column"
  data-testid="nodeUrl"
>
  <span
    class="gl-text-gray-500"
  >
    Node URL
  </span>
   
  <a
    class="gl-link gl-display-flex gl-align-items-center gl-text-body gl-font-weight-bold gl-text-decoration-underline gl-mt-1"
    href="http://127.0.0.1:3001/"
    rel="noopener noreferrer"
    target="_blank"
  >
    http://127.0.0.1:3001/ 
    <svg
      aria-hidden="true"
      class="gl-ml-1 gl-icon s16"
      data-testid="external-link-icon"
    >
      <use
        href="#external-link"
      />
    </svg>
  </a>
</div>
`;

exports[`NodeDetailsSectionMain template node version section renders section correctly 1`] = `
<div
  class="d-flex flex-column mt-2"
  data-testid="nodeVersion"
>
  <span
    class="gl-text-gray-500"
  >
    GitLab version
  </span>
   
  <span
    class="gl-mt-1 gl-font-weight-bold"
  >
    
        10.4.0-pre (b93c51849b)
      
  </span>
</div>
`;
