// Jest Snapshot v1, https://goo.gl/fbAQLP

exports[`AlertsSettingsFormNew with default values renders the initial template 1`] = `
"<form class=\\"gl-mt-6\\">
  <h5 class=\\"gl-font-lg gl-my-5\\">Add new integrations</h5>
  <div id=\\"integration-type\\" role=\\"group\\" class=\\"form-group gl-form-group\\"><label id=\\"integration-type__BV_label_\\" for=\\"integration-type\\" class=\\"d-block col-form-label\\">1. Select integration type</label>
    <div class=\\"bv-no-focus-ring\\"><select class=\\"gl-form-select custom-select\\" id=\\"__BVID__8\\">
        <option value=\\"\\">Select integration type</option>
        <option value=\\"HTTP\\">HTTP Endpoint</option>
        <option value=\\"PROMETHEUS\\">External Prometheus</option>
        <option value=\\"OPSGENIE\\">Opsgenie</option>
      </select> <span class=\\"gl-text-gray-500\\">Learn more about our upcoming <a rel=\\"noopener noreferrer\\" target=\\"_blank\\" href=\\"https://gitlab.com/groups/gitlab-org/-/epics/4390\\" class=\\"gl-link gl-display-inline-block\\">integrations</a></span>
      <!---->
      <!---->
      <!---->
    </div>
  </div>
  <div class=\\"gl-mt-3 collapse\\" style=\\"display: none;\\" id=\\"__BVID__13\\">
    <div id=\\"name-integration\\" role=\\"group\\" class=\\"form-group gl-form-group\\"><label id=\\"name-integration__BV_label_\\" for=\\"name-integration\\" class=\\"d-block col-form-label\\">2. Name integration</label>
      <div class=\\"bv-no-focus-ring\\"><input type=\\"text\\" placeholder=\\"Enter integration name\\" class=\\"gl-form-input form-control\\" id=\\"__BVID__18\\">
        <!---->
        <!---->
        <!---->
      </div>
    </div>
    <div id=\\"integration-webhook\\" role=\\"group\\" class=\\"form-group gl-form-group\\"><label id=\\"integration-webhook__BV_label_\\" for=\\"integration-webhook\\" class=\\"d-block col-form-label\\">3. Set up webhook</label>
      <div class=\\"bv-no-focus-ring\\"><span class=\\"gl-text-gray-500\\">Utilize the URL and authorization key below to authorize an external service to send Alerts to GitLab. Review your chosen services documentation to learn where to add these details, and the <a rel=\\"noopener noreferrer\\" target=\\"_blank\\" href=\\"https://docs.gitlab.com/ee/operations/incident_management/alert_integrations.html\\" class=\\"gl-link gl-display-inline-block\\">GitLab documentation</a> to learn more about configuring your endpoint.</span> <label class=\\"gl-display-flex gl-flex-direction-column gl-mb-0 gl-w-max-content gl-my-4 gl-font-weight-normal\\">
          <div class=\\"gl-toggle-wrapper\\"><span class=\\"gl-toggle-label\\">Active</span>
            <!----> <button aria-label=\\"Active\\" type=\\"button\\" class=\\"gl-toggle\\"><span class=\\"toggle-icon\\"><svg data-testid=\\"close-icon\\" class=\\"gl-icon s16\\"><use href=\\"#close\\"></use></svg></span></button></div>
          <!---->
        </label>
        <!---->
        <div class=\\"gl-my-4\\"><span>
          Webhook URL
        </span>
          <div id=\\"url\\" readonly=\\"readonly\\">
            <div role=\\"group\\" class=\\"input-group\\">
              <!---->
              <!----> <input id=\\"url\\" type=\\"text\\" readonly=\\"readonly\\" class=\\"gl-form-input form-control\\">
              <div class=\\"input-group-append\\"><button title=\\"Copy\\" data-clipboard-text=\\"\\" aria-label=\\"Copy this value\\" type=\\"button\\" class=\\"btn gl-m-0! btn-default btn-md gl-button btn-default-secondary btn-icon\\">
                  <!----> <svg data-testid=\\"copy-to-clipboard-icon\\" class=\\"gl-button-icon gl-icon s16\\">
                    <use href=\\"#copy-to-clipboard\\"></use>
                  </svg>
                  <!----></button></div>
              <!---->
            </div>
          </div>
        </div>
        <div class=\\"gl-my-4\\"><span>
          Authorization key
        </span>
          <div id=\\"authorization-key\\" readonly=\\"readonly\\" class=\\"gl-mb-2\\">
            <div role=\\"group\\" class=\\"input-group\\">
              <!---->
              <!----> <input id=\\"authorization-key\\" type=\\"text\\" readonly=\\"readonly\\" class=\\"gl-form-input form-control\\">
              <div class=\\"input-group-append\\"><button title=\\"Copy\\" data-clipboard-text=\\"\\" aria-label=\\"Copy this value\\" type=\\"button\\" class=\\"btn gl-m-0! btn-default btn-md gl-button btn-default-secondary btn-icon\\">
                  <!----> <svg data-testid=\\"copy-to-clipboard-icon\\" class=\\"gl-button-icon gl-icon s16\\">
                    <use href=\\"#copy-to-clipboard\\"></use>
                  </svg>
                  <!----></button></div>
              <!---->
            </div>
          </div> <button type=\\"button\\" disabled=\\"disabled\\" class=\\"btn gl-mt-3 btn-default btn-md disabled gl-button\\">
            <!---->
            <!----> <span class=\\"gl-button-text\\">Reset Key</span></button>
          <!---->
        </div>
        <!---->
        <!---->
        <!---->
      </div>
    </div>
    <div id=\\"test-integration\\" role=\\"group\\" class=\\"form-group gl-form-group\\"><label id=\\"test-integration__BV_label_\\" for=\\"test-integration\\" class=\\"d-block col-form-label\\">4. Test integration(optional)</label>
      <div class=\\"bv-no-focus-ring\\"><span class=\\"gl-text-gray-500\\">Provide an example payload from the monitoring tool you intend to integrate with to send a test alert to the <a rel=\\"noopener noreferrer\\" target=\\"_blank\\" href=\\"http://invalid\\" class=\\"gl-link gl-display-inline-block\\">alerts page</a>. This payload can be used to test the integration using the \\"save and test payload\\" button.</span> <textarea id=\\"test-integration\\" disabled=\\"disabled\\" placeholder=\\"Enter test alert JSON....\\" wrap=\\"soft\\" class=\\"gl-form-input gl-form-textarea gl-my-4 form-control is-valid\\" style=\\"resize: none; overflow-y: scroll;\\"></textarea>
        <!---->
        <!---->
        <!---->
      </div>
    </div>
    <!---->
    <div class=\\"gl-display-flex gl-justify-content-end\\"><button type=\\"reset\\" class=\\"btn gl-mr-3 js-no-auto-disable btn-default btn-md gl-button\\">
        <!---->
        <!----> <span class=\\"gl-button-text\\">Cancel</span></button> <button type=\\"button\\" class=\\"btn gl-mr-1 js-no-auto-disable btn-success btn-md gl-button btn-success-secondary\\">
        <!---->
        <!----> <span class=\\"gl-button-text\\">Save and test payload</span></button> <button data-testid=\\"integration-form-submit\\" type=\\"submit\\" class=\\"btn js-no-auto-disable btn-success btn-md gl-button\\">
        <!---->
        <!----> <span class=\\"gl-button-text\\">Save integration</span></button></div>
  </div>
</form>"
`;
