// Jest Snapshot v1, https://goo.gl/fbAQLP

exports[`EE billings subscription module mutations RECEIVE_SUBSCRIPTION_SUCCESS with Free plan it updates table free with subscription plan 1`] = `
Array [
  Object {
    "seatsInUse": 0,
    "subscriptionStartDate": "2018-10-30",
  },
]
`;

exports[`EE billings subscription module mutations RECEIVE_SUBSCRIPTION_SUCCESS with Gold subscription it updates table default with subscription plan 1`] = `
Array [
  Object {
    "maxSeatsUsed": 104,
    "seatsInSubscription": 100,
    "seatsInUse": 98,
    "seatsOwed": 4,
  },
  Object {
    "lastInvoice": "2018-09-01",
    "nextInvoice": "2018-10-01",
    "subscriptionEndDate": "2019-07-11",
    "subscriptionStartDate": "2018-07-11",
  },
]
`;

exports[`EE billings subscription module mutations RECEIVE_SUBSCRIPTION_SUCCESS with Gold trial it updates table trial with subscription plan 1`] = `
Array [
  Object {
    "seatsInUse": 1,
    "subscriptionEndDate": "2019-12-13",
    "subscriptionStartDate": "2018-12-13",
  },
]
`;
