// Jest Snapshot v1, https://goo.gl/fbAQLP

exports[`License Report MR Widget report section report body should render correctly 1`] = `
<smart-virtual-list-stub
  class="report-block-container"
  length="1"
  remain="20"
  rtag="div"
  size="26"
  wclass="report-block-list my-1"
  wtag="ul"
>
  <li
    class="mx-1 mb-1"
  >
    <h2
      class="h5 m-0"
    >
      some-status group-name
    </h2>
     
    <p
      class="m-0"
    >
      some-status group-description
    </p>
  </li>
   
</smart-virtual-list-stub>
`;

exports[`License Report MR Widget report section should render correctly 1`] = `
<report-section-stub
  class="license-report-widget mr-report"
  component="LicenseIssueBody"
  data-qa-selector="license_report_widget"
  errortext="FOO"
  hasissues="true"
  loadingtext="FOO"
  neutralissues="[object Object]"
  popoveroptions="[object Object]"
  resolvedissues=""
  showreportsectionstatusicon="true"
  status="SUCCESS"
  successtext=""
  unresolvedissues=""
>
    
  <div
    class="gl-mr-3"
  >
    <a
      class="btn btn-default btn-sm js-manage-licenses gl-mr-3"
      data-qa-selector="manage_licenses_button"
      href="http://test.host/lm_settings"
    >
      
        Manage licenses
      
    </a>
     
    <a
      class="btn btn-default btn-sm js-full-report"
      href="http://test.host/path/to/the/full/report"
      target="_blank"
    >
      
        View full report 
      <gl-icon-stub
        name="external-link"
        size="16"
      />
    </a>
  </div>
</report-section-stub>
`;
