// Jest Snapshot v1, https://goo.gl/fbAQLP

exports[`Project Security Charts component when there is history data should display the chart with data 1`] = `
Array [
  Object {
    "data": Array [
      Array [
        "2020-07-22",
        4,
      ],
      Array [
        "2020-07-23",
        2,
      ],
      Array [
        "2020-07-24",
        2,
      ],
      Array [
        "2020-07-25",
        2,
      ],
      Array [
        "2020-07-26",
        2,
      ],
      Array [
        "2020-07-27",
        2,
      ],
    ],
    "itemStyle": Object {
      "color": "#660e00",
    },
    "key": "critical",
    "lineStyle": Object {
      "color": "#660e00",
    },
    "name": "Critical",
  },
  Object {
    "data": Array [
      Array [
        "2020-07-22",
        3,
      ],
      Array [
        "2020-07-23",
        3,
      ],
      Array [
        "2020-07-24",
        3,
      ],
      Array [
        "2020-07-25",
        3,
      ],
      Array [
        "2020-07-26",
        3,
      ],
      Array [
        "2020-07-27",
        3,
      ],
    ],
    "itemStyle": Object {
      "color": "#ae1800",
    },
    "key": "high",
    "lineStyle": Object {
      "color": "#ae1800",
    },
    "name": "High",
  },
  Object {
    "data": Array [
      Array [
        "2020-07-22",
        2,
      ],
      Array [
        "2020-07-23",
        2,
      ],
      Array [
        "2020-07-24",
        2,
      ],
      Array [
        "2020-07-25",
        2,
      ],
      Array [
        "2020-07-26",
        2,
      ],
      Array [
        "2020-07-27",
        2,
      ],
    ],
    "itemStyle": Object {
      "color": "#9e5400",
    },
    "key": "medium",
    "lineStyle": Object {
      "color": "#9e5400",
    },
    "name": "Medium",
  },
  Object {
    "data": Array [
      Array [
        "2020-07-22",
        10,
      ],
      Array [
        "2020-07-23",
        10,
      ],
      Array [
        "2020-07-24",
        10,
      ],
      Array [
        "2020-07-25",
        10,
      ],
      Array [
        "2020-07-26",
        10,
      ],
      Array [
        "2020-07-27",
        10,
      ],
    ],
    "itemStyle": Object {
      "color": "#c17d10",
    },
    "key": "low",
    "lineStyle": Object {
      "color": "#c17d10",
    },
    "name": "Low",
  },
  Object {
    "data": Array [
      Array [
        "2020-07-22",
        1,
      ],
      Array [
        "2020-07-23",
        1,
      ],
      Array [
        "2020-07-24",
        1,
      ],
      Array [
        "2020-07-25",
        1,
      ],
      Array [
        "2020-07-26",
        1,
      ],
      Array [
        "2020-07-27",
        1,
      ],
    ],
    "itemStyle": Object {
      "color": "#868686",
    },
    "key": "unknown",
    "lineStyle": Object {
      "color": "#868686",
    },
    "name": "Unknown",
  },
  Object {
    "data": Array [
      Array [
        "2020-07-22",
        2,
      ],
      Array [
        "2020-07-23",
        2,
      ],
      Array [
        "2020-07-24",
        2,
      ],
      Array [
        "2020-07-25",
        2,
      ],
      Array [
        "2020-07-26",
        2,
      ],
      Array [
        "2020-07-27",
        2,
      ],
    ],
    "itemStyle": Object {
      "color": "#428fdc",
    },
    "key": "info",
    "lineStyle": Object {
      "color": "#428fdc",
    },
    "name": "Info",
  },
]
`;
